// Jest Snapshot v1, https://goo.gl/fbAQLP

exports[`<HomeScreen /> ViewAllProducts 1`] = `
<RCTSafeAreaView>
  <View
    accessibilityIgnoresInvertColors={true}
  >
    <Image
      blurRadius={35}
      resizeMode="cover"
      source={
        {
          "testUri": "../../../assets/background.jpg",
        }
      }
      style={
        [
          {
            "bottom": 0,
            "left": 0,
            "position": "absolute",
            "right": 0,
            "top": 0,
          },
          {
            "height": undefined,
            "width": undefined,
          },
          undefined,
        ]
      }
    />
    <View>
      <View
        id="search-filter"
        style={
          {
            "backgroundColor": "#fff",
            "borderRadius": 10,
            "marginBottom": 7,
            "marginLeft": 10,
            "marginTop": 5,
            "padding": 10,
            "width": "95%",
          }
        }
      >
        <View
          style={
            {
              "position": "relative",
            }
          }
        >
          <TextInput
            onChangeText={[Function]}
            placeholder="Search Product"
            style={
              {
                "color": "gray",
                "fontSize": 16,
                "marginLeft": 25,
              }
            }
          />
          <Text
            allowFontScaling={false}
            selectable={false}
            style={
              [
                {
                  "color": "lightgray",
                  "fontSize": 20,
                },
                {
                  "left": 0,
                  "position": "absolute",
                  "top": 0,
                },
                {
                  "fontFamily": "FontAwesome",
                  "fontStyle": "normal",
                  "fontWeight": "normal",
                },
                {},
              ]
            }
          >
            ï€‚
          </Text>
        </View>
      </View>
      <RCTScrollView
        ListEmptyComponent={[Function]}
        ListFooterComponent={[Function]}
        getItem={[Function]}
        getItemCount={[Function]}
        keyExtractor={[Function]}
        onContentSizeChange={[Function]}
        onEndReached={[Function]}
        onEndReachedThreshold={0}
        onLayout={[Function]}
        onMomentumScrollBegin={[Function]}
        onMomentumScrollEnd={[Function]}
        onScroll={[Function]}
        onScrollBeginDrag={[Function]}
        onScrollEndDrag={[Function]}
        removeClippedSubviews={false}
        renderItem={[Function]}
        scrollEventThrottle={0.0001}
        stickyHeaderIndices={[]}
        viewabilityConfigCallbackPairs={[]}
      >
        <View>
          <View
            onLayout={[Function]}
          >
            <View
              style={
                {
                  "marginBottom": 20,
                  "marginTop": 20,
                  "padding": 10,
                }
              }
            >
              <ActivityIndicator
                size="large"
              />
            </View>
          </View>
        </View>
      </RCTScrollView>
    </View>
  </View>
</RCTSafeAreaView>
`;
